[privaccyoficial.shop/index.html]
[backblue.gif]
[fade.gif]
[index.html]
[privacy.com.br/assets/img/logo/logo.0.delayed]
[privaccyoficial.shop/cf-fonts/s/montserrat/5.0.16/latin/600/normal.woff2]
[privaccyoficial.shop/cf-fonts/s/montserrat/5.0.16/latin-ext/600/normal.woff2]
[privaccyoficial.shop/cf-fonts/s/montserrat/5.0.16/cyrillic-ext/600/normal.woff2]
[privaccyoficial.shop/cf-fonts/s/montserrat/5.0.16/vietnamese/600/normal.woff2]
[privaccyoficial.shop/cf-fonts/s/montserrat/5.0.16/cyrillic/600/normal.woff2]
[privaccyoficial.shop/cf-fonts/s/montserrat/5.0.16/cyrillic/700/normal.woff2]
[privaccyoficial.shop/cf-fonts/s/montserrat/5.0.16/cyrillic-ext/700/normal.woff2]
[privaccyoficial.shop/cf-fonts/s/montserrat/5.0.16/latin-ext/700/normal.woff2]
[privaccyoficial.shop/cf-fonts/s/montserrat/5.0.16/vietnamese/700/normal.woff2]
[privaccyoficial.shop/cf-fonts/s/montserrat/5.0.16/latin/700/normal.woff2]
[privaccyoficial.shop/cf-fonts/s/montserrat/5.0.16/cyrillic/800/normal.woff2]
[privaccyoficial.shop/cf-fonts/s/montserrat/5.0.16/cyrillic-ext/800/normal.woff2]
[privaccyoficial.shop/cf-fonts/s/montserrat/5.0.16/latin/800/normal.woff2]
[privaccyoficial.shop/cf-fonts/s/montserrat/5.0.16/vietnamese/800/normal.woff2]
[privaccyoficial.shop/cf-fonts/s/montserrat/5.0.16/latin-ext/800/normal.woff2]
[privaccyoficial.shop/cf-fonts/s/montserrat/5.0.16/cyrillic-ext/900/normal.woff2]
[privaccyoficial.shop/cf-fonts/s/montserrat/5.0.16/vietnamese/900/normal.woff2]
[privaccyoficial.shop/cf-fonts/s/montserrat/5.0.16/cyrillic/900/normal.woff2]
[privaccyoficial.shop/cf-fonts/s/montserrat/5.0.16/latin-ext/900/normal.woff2]
[privaccyoficial.shop/cf-fonts/s/montserrat/5.0.16/latin/900/normal.woff2]
[privaccyoficial.shop/cf-fonts/s/roboto/5.0.11/latin/400/normal.woff2]
[privaccyoficial.shop/cf-fonts/s/roboto/5.0.11/latin-ext/400/normal.woff2]
[privaccyoficial.shop/cf-fonts/s/roboto/5.0.11/cyrillic-ext/400/normal.woff2]
[privaccyoficial.shop/cf-fonts/s/roboto/5.0.11/cyrillic/400/normal.woff2]
[privaccyoficial.shop/cf-fonts/s/roboto/5.0.11/greek/400/normal.woff2]
[privaccyoficial.shop/cf-fonts/s/roboto/5.0.11/vietnamese/400/normal.woff2]
[privaccyoficial.shop/cf-fonts/s/roboto/5.0.11/greek-ext/400/normal.woff2]
[privaccyoficial.shop/cf-fonts/s/roboto/5.0.11/latin-ext/500/normal.woff2]
[privaccyoficial.shop/cf-fonts/s/roboto/5.0.11/cyrillic/500/normal.woff2]
[privaccyoficial.shop/cf-fonts/s/roboto/5.0.11/vietnamese/500/normal.woff2]
[privaccyoficial.shop/cf-fonts/s/roboto/5.0.11/cyrillic-ext/500/normal.woff2]
[privaccyoficial.shop/cf-fonts/s/roboto/5.0.11/greek-ext/500/normal.woff2]
[privaccyoficial.shop/cf-fonts/s/roboto/5.0.11/greek/500/normal.woff2]
[privaccyoficial.shop/cf-fonts/s/roboto/5.0.11/latin/500/normal.woff2]
[privaccyoficial.shop/index_files/fontisto-brands.min.css]
[privaccyoficial.shop/index_files/all.min.css]
[privaccyoficial.shop/index_files/bulma.min.css]
[privaccyoficial.shop/index_files/app.css]
[privaccyoficial.shop/index_files/core.css]
[privaccyoficial.shop/index_files/bootstrap.min.css]
[privaccyoficial.shop/index_files/privacy.css]
[privaccyoficial.shop/index_files/index.min.css]
[privaccyoficial.shop/index_files/privacy.components.css]
[privaccyoficial.shop/cf-fonts/s/abel/5.0.11/latin/400/normal.woff2]
[privaccyoficial.shop/index_files/balloon.min.css]
[privaccyoficial.shop/index_files/jquery.fancybox.min.css]
[privaccyoficial.shop/index_files/blueimp-gallery.min.css]
[privaccyoficial.shop/index_files/slick.css]
[privaccyoficial.shop/index_files/slick-theme.css]
[privaccyoficial.shop/index_files/video-js.min.css]
[privaccyoficial.shop/index_files/photoswipe.min.css]
[privaccyoficial.shop/index_files/privacy.components.skeleton.css]
[privaccyoficial.shop/index_files/perfil.css]
[privaccyoficial.shop/index_files/pagamento.css]
[privaccyoficial.shop/index_files/profile.css]
[privaccyoficial.shop/index_files/logo.svg]
[cdnjs.cloudflare.com/ajax/libs/bootstrap/5.2.3/css/bootstrap.min.css]
[modules.privacy.com.br/styles/privacy.components.3a.delayed]
[privaccyoficial.shop/index_files/Chat.svg]
[privaccyoficial.shop/index_files/logo_mobile.svg]
[privaccyoficial.shop/banner2.png]
[privaccyoficial.shop/4c.mp4]
[privaccyoficial.shop/index_files/logo_icon_branco.png]
[privaccyoficial.shop/3v.mp4]
[privaccyoficial.shop/index_files/blur_7.jpg]
[cdnjs.cloudflare.com/ajax/libs/element-plus/2.2.30/index.min.css]
[privaccyoficial.shop/assets/js/heart813d.json]
[privaccyoficial.shop/transparent]
[privaccyoficial.shop/index_files/10819293233.html]
[privaccyoficial.shop/index.html]
[privacy.com.br/assets/img/logo/logo.html]
[privaccyoficial.shop/cf-fonts/s/montserrat/5.0.16/latin/600/normal.html]
[privaccyoficial.shop/cf-fonts/s/montserrat/5.0.16/latin-ext/600/normal.html]
[privaccyoficial.shop/cf-fonts/s/montserrat/5.0.16/cyrillic-ext/600/normal.html]
[privaccyoficial.shop/cf-fonts/s/montserrat/5.0.16/vietnamese/600/normal.html]
[privaccyoficial.shop/cf-fonts/s/montserrat/5.0.16/cyrillic/600/normal.html]
[privaccyoficial.shop/cf-fonts/s/montserrat/5.0.16/cyrillic/700/normal.html]
[privaccyoficial.shop/cf-fonts/s/montserrat/5.0.16/cyrillic-ext/700/normal.html]
[privaccyoficial.shop/cf-fonts/s/montserrat/5.0.16/latin-ext/700/normal.html]
[privaccyoficial.shop/cf-fonts/s/montserrat/5.0.16/vietnamese/700/normal.html]
[privaccyoficial.shop/cf-fonts/s/montserrat/5.0.16/latin/700/normal.html]
[privaccyoficial.shop/cf-fonts/s/montserrat/5.0.16/cyrillic/800/normal.html]
[privaccyoficial.shop/cf-fonts/s/montserrat/5.0.16/cyrillic-ext/800/normal.html]
[privaccyoficial.shop/cf-fonts/s/montserrat/5.0.16/latin/800/normal.html]
[privaccyoficial.shop/cf-fonts/s/montserrat/5.0.16/vietnamese/800/normal.html]
[privaccyoficial.shop/cf-fonts/s/montserrat/5.0.16/latin-ext/800/normal.html]
[privaccyoficial.shop/cf-fonts/s/montserrat/5.0.16/cyrillic-ext/900/normal.html]
[privaccyoficial.shop/cf-fonts/s/montserrat/5.0.16/vietnamese/900/normal.html]
[privaccyoficial.shop/cf-fonts/s/montserrat/5.0.16/cyrillic/900/normal.html]
[privaccyoficial.shop/cf-fonts/s/montserrat/5.0.16/latin-ext/900/normal.html]
[privaccyoficial.shop/cf-fonts/s/montserrat/5.0.16/latin/900/normal.html]
[privaccyoficial.shop/cf-fonts/s/roboto/5.0.11/latin/400/normal.html]
[privaccyoficial.shop/cf-fonts/s/roboto/5.0.11/latin-ext/400/normal.html]
[privaccyoficial.shop/cf-fonts/s/roboto/5.0.11/cyrillic-ext/400/normal.html]
[privaccyoficial.shop/cf-fonts/s/roboto/5.0.11/cyrillic/400/normal.html]
[privaccyoficial.shop/cf-fonts/s/roboto/5.0.11/greek/400/normal.html]
[privaccyoficial.shop/cf-fonts/s/roboto/5.0.11/vietnamese/400/normal.html]
[privaccyoficial.shop/cf-fonts/s/roboto/5.0.11/greek-ext/400/normal.html]
[privaccyoficial.shop/cf-fonts/s/roboto/5.0.11/latin-ext/500/normal.html]
[privaccyoficial.shop/cf-fonts/s/roboto/5.0.11/cyrillic/500/normal.html]
[privaccyoficial.shop/cf-fonts/s/roboto/5.0.11/vietnamese/500/normal.html]
[privaccyoficial.shop/cf-fonts/s/roboto/5.0.11/cyrillic-ext/500/normal.html]
[privaccyoficial.shop/cf-fonts/s/roboto/5.0.11/greek-ext/500/normal.html]
[privaccyoficial.shop/cf-fonts/s/roboto/5.0.11/greek/500/normal.html]
[privaccyoficial.shop/cf-fonts/s/roboto/5.0.11/latin/500/normal.html]
[privaccyoficial.shop/index_files/saved_resource.html]
[privaccyoficial.shop/fonts/fontisto/fontisto-brands6126.eot]
[privaccyoficial.shop/fonts/fontisto/fontisto-brandsd41d.eot]
[privaccyoficial.shop/fonts/fontisto/fontisto-brands6126.ttf]
[privaccyoficial.shop/fonts/fontisto/fontisto-brands6126.woff]
[privaccyoficial.shop/fonts/fontisto/fontisto-brands6126.svg]
[privaccyoficial.shop/index_files/fontisto-brands.min.css]
[privaccyoficial.shop/webfonts/fa-brands-400.eot]
[privaccyoficial.shop/webfonts/fa-brands-400d41d.eot]
[privaccyoficial.shop/webfonts/fa-brands-400.woff2]
[privaccyoficial.shop/webfonts/fa-brands-400.woff]
[privaccyoficial.shop/webfonts/fa-brands-400.ttf]
[privaccyoficial.shop/webfonts/fa-brands-400.svg]
[privaccyoficial.shop/webfonts/fa-duotone-900.eot]
[privaccyoficial.shop/webfonts/fa-duotone-900d41d.eot]
[privaccyoficial.shop/webfonts/fa-duotone-900.woff2]
[privaccyoficial.shop/webfonts/fa-duotone-900.woff]
[privaccyoficial.shop/webfonts/fa-duotone-900.ttf]
[privaccyoficial.shop/webfonts/fa-duotone-900.svg]
[privaccyoficial.shop/webfonts/fa-light-300.eot]
[privaccyoficial.shop/webfonts/fa-light-300d41d.eot]
[privaccyoficial.shop/webfonts/fa-light-300.woff2]
[privaccyoficial.shop/webfonts/fa-light-300.woff]
[privaccyoficial.shop/webfonts/fa-light-300.ttf]
[privaccyoficial.shop/webfonts/fa-light-300.svg]
[privaccyoficial.shop/webfonts/fa-regular-400.eot]
[privaccyoficial.shop/webfonts/fa-regular-400d41d.eot]
[privaccyoficial.shop/webfonts/fa-regular-400.woff2]
[privaccyoficial.shop/webfonts/fa-regular-400.woff]
[privaccyoficial.shop/webfonts/fa-regular-400.ttf]
[privaccyoficial.shop/webfonts/fa-regular-400.svg]
[privaccyoficial.shop/webfonts/fa-solid-900.eot]
[privaccyoficial.shop/webfonts/fa-solid-900d41d.eot]
[privaccyoficial.shop/webfonts/fa-solid-900.woff2]
[privaccyoficial.shop/webfonts/fa-solid-900.woff]
[privaccyoficial.shop/webfonts/fa-solid-900.ttf]
[privaccyoficial.shop/webfonts/fa-solid-900.svg]
[privaccyoficial.shop/index_files/all.min.css]
[privaccyoficial.shop/index_files/bulma.min.css]
[privaccyoficial.shop/img/loading.gif]
[privaccyoficial.shop/index_files/fonts/dripicons-v2.eot]
[privaccyoficial.shop/index_files/fonts/dripicons-v2d41d.eot]
[privaccyoficial.shop/index_files/fonts/dripicons-v2.woff]
[privaccyoficial.shop/index_files/fonts/dripicons-v2.ttf]
[privaccyoficial.shop/index_files/fonts/dripicons-v2.svg]
[privaccyoficial.shop/index_files/app.css]
[privaccyoficial.shop/index_files/core.css]
[privaccyoficial.shop/index_files/bootstrap.min.css]
[privaccyoficial.shop/assets/fonts/Inter/Inter-Regular.ttf]
[privaccyoficial.shop/index_files/privacy.css]
[privaccyoficial.shop/index_files/index.min.css]
[privaccyoficial.shop/index_files/privacy.components.css]
[privaccyoficial.shop/cf-fonts/s/abel/5.0.11/latin/400/normal.html]
[privaccyoficial.shop/index_files/balloon.min.css]
[privaccyoficial.shop/index_files/jquery.fancybox.min.css]
[privaccyoficial.shop/img/loading.svg]
[privaccyoficial.shop/img/error.png]
[privaccyoficial.shop/img/error.svg]
[privaccyoficial.shop/img/prev.png]
[privaccyoficial.shop/img/next.png]
[privaccyoficial.shop/img/prev.svg]
[privaccyoficial.shop/img/next.svg]
[privaccyoficial.shop/img/close.png]
[privaccyoficial.shop/img/close.svg]
[privaccyoficial.shop/img/play-pause.png]
[privaccyoficial.shop/img/play-pause.svg]
[privaccyoficial.shop/img/video-play.png]
[privaccyoficial.shop/img/video-play.svg]
[privaccyoficial.shop/index_files/blueimp-gallery.min.css]
[privaccyoficial.shop/index_files/slick.css]
[privaccyoficial.shop/index_files/ajax-loader.gif]
[privaccyoficial.shop/index_files/fonts/slick.eot]
[privaccyoficial.shop/index_files/fonts/slickd41d.eot]
[privaccyoficial.shop/index_files/fonts/slick.woff]
[privaccyoficial.shop/index_files/fonts/slick.ttf]
[privaccyoficial.shop/index_files/fonts/slick.svg]
[privaccyoficial.shop/index_files/slick-theme.css]
[privaccyoficial.shop/index_files/video-js.min.css]
[privaccyoficial.shop/index_files/photoswipe.min.css]
[privaccyoficial.shop/index_files/privacy.components.skeleton.css]
[privaccyoficial.shop/index_files/perfil.css]
[privaccyoficial.shop/index_files/pagamento.css]
[privaccyoficial.shop/index_files/profile.css]
[privaccyoficial.shop/index_files/logo.svg]
[cdnjs.cloudflare.com/ajax/libs/bootstrap/5.2.3/css/bootstrap.min.css]
[modules.privacy.com.br/styles/privacy.components.html]
[privaccyoficial.shop/index_files/Chat.svg]
[privaccyoficial.shop/index_files/logo_mobile.svg]
[privaccyoficial.shop/avatar2.html]
[cdnjs.cloudflare.com/ajax/libs/element-plus/2.2.30/index.min.css]
[privaccyoficial.shop/assets/js/heart813d.html]
[privaccyoficial.shop/transparent.html]
[privaccyoficial.shop/index_files/10819293233.html]
[privaccyoficial.shop/index_files/saved_resource.html]
[privaccyoficial.shop/fonts/fontisto/fontisto-brands6126.html]
[privaccyoficial.shop/fonts/fontisto/fontisto-brandsd41d.html]
[privaccyoficial.shop/fonts/fontisto/fontisto-brands6126-2.html]
[privaccyoficial.shop/fonts/fontisto/fontisto-brands6126-3.html]
[privaccyoficial.shop/fonts/fontisto/fontisto-brands6126-4.html]
[privaccyoficial.shop/webfonts/fa-brands-400.html]
[privaccyoficial.shop/webfonts/fa-brands-400d41d.html]
[privaccyoficial.shop/webfonts/fa-brands-401.html]
[privaccyoficial.shop/webfonts/fa-brands-402.html]
[privaccyoficial.shop/webfonts/fa-brands-403.html]
[privaccyoficial.shop/webfonts/fa-brands-404.html]
[privaccyoficial.shop/webfonts/fa-duotone-900.html]
[privaccyoficial.shop/webfonts/fa-duotone-900d41d.html]
[privaccyoficial.shop/webfonts/fa-duotone-901.html]
[privaccyoficial.shop/webfonts/fa-duotone-902.html]
[privaccyoficial.shop/webfonts/fa-duotone-903.html]
[privaccyoficial.shop/webfonts/fa-duotone-904.html]
[privaccyoficial.shop/webfonts/fa-light-300.html]
[privaccyoficial.shop/webfonts/fa-light-300d41d.html]
[privaccyoficial.shop/webfonts/fa-light-301.html]
[privaccyoficial.shop/webfonts/fa-light-302.html]
[privaccyoficial.shop/webfonts/fa-light-303.html]
[privaccyoficial.shop/webfonts/fa-light-304.html]
[privaccyoficial.shop/webfonts/fa-regular-400.html]
[privaccyoficial.shop/webfonts/fa-regular-400d41d.html]
[privaccyoficial.shop/webfonts/fa-regular-401.html]
[privaccyoficial.shop/webfonts/fa-regular-402.html]
[privaccyoficial.shop/webfonts/fa-regular-403.html]
[privaccyoficial.shop/webfonts/fa-regular-404.html]
[privaccyoficial.shop/webfonts/fa-solid-900.html]
[privaccyoficial.shop/webfonts/fa-solid-900d41d.html]
[privaccyoficial.shop/webfonts/fa-solid-901.html]
[privaccyoficial.shop/webfonts/fa-solid-902.html]
[privaccyoficial.shop/webfonts/fa-solid-903.html]
[privaccyoficial.shop/webfonts/fa-solid-904.html]
[privaccyoficial.shop/img/loading.html]
[privaccyoficial.shop/index_files/fonts/dripicons-v2.html]
[privaccyoficial.shop/index_files/fonts/dripicons-v2d41d.html]
[privaccyoficial.shop/index_files/fonts/dripicons-v2-2.html]
[privaccyoficial.shop/index_files/fonts/dripicons-v2-3.html]
[privaccyoficial.shop/index_files/fonts/dripicons-v2-4.html]
[privaccyoficial.shop/assets/fonts/Inter/Inter-Regular.html]
[privaccyoficial.shop/img/loading-2.html]
[privaccyoficial.shop/img/error.html]
[privaccyoficial.shop/img/error-2.html]
[privaccyoficial.shop/img/prev.html]
[privaccyoficial.shop/img/next.html]
[privaccyoficial.shop/img/prev-2.html]
[privaccyoficial.shop/img/next-2.html]
[privaccyoficial.shop/img/close.html]
[privaccyoficial.shop/img/close-2.html]
[privaccyoficial.shop/img/play-pause.html]
[privaccyoficial.shop/img/play-pause-2.html]
[privaccyoficial.shop/img/video-play.html]
[privaccyoficial.shop/img/video-play-2.html]
[privaccyoficial.shop/index_files/ajax-loader.html]
[privaccyoficial.shop/index_files/fonts/slick.html]
[privaccyoficial.shop/index_files/fonts/slickd41d.html]
[privaccyoficial.shop/index_files/fonts/slick-2.html]
[privaccyoficial.shop/index_files/fonts/slick-3.html]
[privaccyoficial.shop/index_files/fonts/slick-4.html]
